Sat Oct 11 01:01:15 AM EDT 2025
--------------------------------------------------
 01:01:15 up  1:53,  2 users,  load average: 1.01, 0.80, 0.64
               total        used        free      shared  buff/cache   available
Mem:           3.3Gi       2.3Gi       162Mi        42Mi       678Mi       1.0Gi
Swap:          3.4Gi       377Mi       3.1Gi
Filesystem      Size  Used Avail Use% Mounted on
tmpfs           336M  2.2M  334M   1% /run
/dev/sda2        20G  9.9G  8.7G  54% /
tmpfs           1.7G     0  1.7G   0% /dev/shm
tmpfs           5.0M  8.0K  5.0M   1% /run/lock
tmpfs           1.0M     0  1.0M   0% /run/credentials/systemd-journald.service
tmpfs           1.0M     0  1.0M   0% /run/credentials/systemd-resolved.service
tmpfs           1.7G  3.8M  1.7G   1% /tmp
tmpfs           336M  128K  336M   1% /run/user/1001
/dev/sr0        100M  100M     0 100% /media/sysadmin/CDROM
/dev/sr1        5.9G  5.9G     0 100% /media/sysadmin/Ubuntu 25.04 amd64
--------------------------------------------------
Sat Oct 11 01:02:01 AM EDT 2025
--------------------------------------------------
 01:02:01 up  1:54,  2 users,  load average: 0.68, 0.75, 0.63
               total        used        free      shared  buff/cache   available
Mem:           3.3Gi       2.3Gi       152Mi        42Mi       678Mi       1.0Gi
Swap:          3.4Gi       376Mi       3.1Gi
Filesystem      Size  Used Avail Use% Mounted on
tmpfs           336M  2.2M  334M   1% /run
/dev/sda2        20G  9.9G  8.7G  54% /
tmpfs           1.7G     0  1.7G   0% /dev/shm
tmpfs           5.0M  8.0K  5.0M   1% /run/lock
tmpfs           1.0M     0  1.0M   0% /run/credentials/systemd-journald.service
tmpfs           1.0M     0  1.0M   0% /run/credentials/systemd-resolved.service
tmpfs           1.7G  3.8M  1.7G   1% /tmp
tmpfs           336M  128K  336M   1% /run/user/1001
/dev/sr0        100M  100M     0 100% /media/sysadmin/CDROM
/dev/sr1        5.9G  5.9G     0 100% /media/sysadmin/Ubuntu 25.04 amd64
--------------------------------------------------
Sat Oct 11 01:03:01 AM EDT 2025
--------------------------------------------------
 01:03:01 up  1:55,  2 users,  load average: 1.20, 0.88, 0.68
               total        used        free      shared  buff/cache   available
Mem:           3.3Gi       2.2Gi       199Mi        42Mi       678Mi       1.0Gi
Swap:          3.4Gi       375Mi       3.1Gi
Filesystem      Size  Used Avail Use% Mounted on
tmpfs           336M  2.2M  334M   1% /run
/dev/sda2        20G  9.9G  8.7G  54% /
tmpfs           1.7G     0  1.7G   0% /dev/shm
tmpfs           5.0M  8.0K  5.0M   1% /run/lock
tmpfs           1.0M     0  1.0M   0% /run/credentials/systemd-journald.service
tmpfs           1.0M     0  1.0M   0% /run/credentials/systemd-resolved.service
tmpfs           1.7G  3.8M  1.7G   1% /tmp
tmpfs           336M  128K  336M   1% /run/user/1001
/dev/sr0        100M  100M     0 100% /media/sysadmin/CDROM
/dev/sr1        5.9G  5.9G     0 100% /media/sysadmin/Ubuntu 25.04 amd64
--------------------------------------------------
Sat Oct 11 01:04:01 AM EDT 2025
--------------------------------------------------
 01:04:01 up  1:56,  2 users,  load average: 0.89, 0.85, 0.68
               total        used        free      shared  buff/cache   available
Mem:           3.3Gi       2.1Gi       318Mi        42Mi       680Mi       1.2Gi
Swap:          3.4Gi       374Mi       3.1Gi
Filesystem      Size  Used Avail Use% Mounted on
tmpfs           336M  2.1M  334M   1% /run
/dev/sda2        20G  9.9G  8.7G  54% /
tmpfs           1.7G     0  1.7G   0% /dev/shm
tmpfs           5.0M  8.0K  5.0M   1% /run/lock
tmpfs           1.0M     0  1.0M   0% /run/credentials/systemd-journald.service
tmpfs           1.0M     0  1.0M   0% /run/credentials/systemd-resolved.service
tmpfs           1.7G  3.8M  1.7G   1% /tmp
tmpfs           336M  128K  336M   1% /run/user/1001
/dev/sr0        100M  100M     0 100% /media/sysadmin/CDROM
/dev/sr1        5.9G  5.9G     0 100% /media/sysadmin/Ubuntu 25.04 amd64
--------------------------------------------------
